[23665:0529/124130:ERROR:zygote_host_impl_linux.cc(146)] Running without the SUID sandbox! See https://code.google.com/p/chromium/wiki/LinuxSUIDSandboxDevelopment for more information on developing with the sandbox on.
[23665:0529/124130:ERROR:browser_main_loop.cc(185)] Gdk: gdk_window_set_icon_list: icons too large
[23702:0529/124130:ERROR:renderer_main.cc(203)] Running without renderer sandbox
[23665:0529/170503:ERROR:browser_main_loop.cc(185)] Gdk: gdk_window_set_icon_list: icons too large
LightTable: Fatal IO error 11 (Resource temporarily unavailable) on X server :0.
pure virtual method called
terminate called without an active exception
